../Core/Inc/packet.h:14:9:Calculate_CRC8	24	static
../Core/Inc/packet.h:32:10:Calculate_CRC16_UMTS	32	static
../Core/Inc/packet.h:54:9:Calculate_Checksum8	32	static
../Core/Inc/packet.h:64:8:Find_Header_Index	40	static
../Core/Inc/packet.h:86:9:Check_Packet_Matched	32	static
../Core/Inc/packet.h:97:9:Check_Packet_Validity	40	static
../Core/Inc/packet.h:161:6:Delete_Packet_From_Buffer	32	static
../Core/Inc/packet.h:171:6:Int32_To_Packet	24	static
../Core/Inc/packet.h:184:6:Int16_To_Packet	24	static
../Core/Inc/packet.h:195:9:Packet_To_Int32	32	static
../Core/Inc/packet.h:212:9:Packet_To_Int16	32	static
../Core/Inc/packet.h:235:6:Transmit_MultiByte_Through_CAN	72	static
../Core/Inc/robotis.h:25:10:Map_4Byte_Position_To_2Byte	24	static
../Core/Inc/robotis.h:41:9:Map_2Byte_Position_To_4Byte	48	static
../Core/Inc/robotis.h:57:9:Map_4Byte_Velocity_To_2Byte	32	static
../Core/Inc/robotis.h:77:6:Set_Position_Protocol_V1	40	static
../Core/Inc/robotis.h:102:9:Motor_Set_Request_Protocol_V2	32	static
../Core/Inc/robotis.h:148:9:Get_Motor_Response_Protocol_V2	40	static
../Core/Inc/robotis.h:204:6:Motor_State_Request_Protocol_V2	32	static
../Core/Inc/robotis.h:309:9:Get_Motor_State_Protocol_V2	32	static
../Core/Inc/low_level_controller_master_main.h:129:6:HAL_SPI_ErrorCallback	16	static
../Core/Inc/low_level_controller_master_main.h:150:6:HAL_SPI_TxRxCpltCallback	24	static
../Core/Inc/low_level_controller_master_main.h:192:6:HAL_CAN_RxFifo0MsgPendingCallback	32	static
../Core/Inc/low_level_controller_master_main.h:224:6:On_Timer_Tick	16	static
../Core/Inc/low_level_controller_master_main.h:252:6:Start	48	static
../Core/Inc/low_level_controller_master_callbacks.h:6:6:CAN_RX_Callback	32	static
../Core/Inc/low_level_controller_master_callbacks.h:46:9:Analyze_SPI_Packet	32	static
../Core/Inc/low_level_controller_master_callbacks.h:84:6:SPI_Callback	40	static
../Core/Inc/low_level_controller_master_callbacks.h:108:6:Can_TX_Callback	32	static
../Core/Src/main.c:84:5:main	104	static
../Core/Src/main.c:172:6:SystemClock_Config	72	static
../Core/Src/main.c:212:13:MX_CAN_Init	8	static
../Core/Src/main.c:249:13:MX_SPI2_Init	8	static
../Core/Src/main.c:287:13:MX_TIM1_Init	32	static
../Core/Src/main.c:331:13:MX_DMA_Init	16	static
../Core/Src/main.c:352:13:MX_GPIO_Init	40	static
../Core/Src/main.c:394:6:SPITaskCallback	16	static
../Core/Src/main.c:413:6:CANRXTaskFunction	16	static
../Core/Src/main.c:432:6:CanTXTaskFunction	16	static
../Core/Src/main.c:452:6:HAL_TIM_PeriodElapsedCallback	16	static
../Core/Src/main.c:469:6:Error_Handler	4	static,ignoring_inline_asm
